../Core/Src/main.c:79:5:__io_putchar	16	static
../Core/Src/main.c:85:5:_write	24	static
../Core/Src/main.c:91:5:_close	16	static
../Core/Src/main.c:96:5:_fstat	16	static
../Core/Src/main.c:101:5:_isatty	16	static
../Core/Src/main.c:106:5:_lseek	24	static
../Core/Src/main.c:111:5:_read	24	static
../Core/Src/main.c:116:6:AI_Init_Custom	16	static
../Core/Src/main.c:153:6:PushFFTFrame	24	static
../Core/Src/main.c:170:6:MakeModelInput	32	static
../Core/Src/main.c:197:6:LED_All_Off	8	static
../Core/Src/main.c:208:6:LED_ShowPrediction	16	static
../Core/Src/main.c:252:6:LED_Update	8	static
../Core/Src/main.c:264:6:RunClassifier	56	static
../Core/Src/main.c:330:6:ProcessFFT	40	static
../Core/Src/main.c:373:5:main	16	static
../Core/Src/main.c:452:6:SystemClock_Config	96	static
../Core/Src/main.c:495:13:MX_DFSDM1_Init	8	static
../Core/Src/main.c:537:13:MX_USART1_UART_Init	8	static
../Core/Src/main.c:574:13:MX_DMA_Init	16	static
../Core/Src/main.c:583:13:MX_GPIO_Init	48	static
../Core/Src/main.c:613:6:HAL_DFSDM_FilterRegConvHalfCpltCallback	16	static
../Core/Src/main.c:619:6:HAL_DFSDM_FilterRegConvCpltCallback	16	static
../Core/Src/main.c:625:6:Error_Handler	4	static,ignoring_inline_asm
